Correct single if
Correct true
Correct true
Correct 0
Correct 1
Correct table
Correct empty table
Correct nil
Correct elseif
