0       
1       
0       
nil     
0       
1       
0       
nil     
1       
0       
