0       
5       
nil     
0       
a       
false   
